/public/duyinglong/miniconda3/envs/wavellm/lib/python3.11/site-packages/torch/cuda/__init__.py:58: FutureWarning: The pynvml package is deprecated. Please install nvidia-ml-py instead. If you did not install pynvml directly, please report this to the maintainers of the package that installed pynvml for you.
  import pynvml  # type: ignore[import]
/public/duyinglong/miniconda3/envs/wavellm/lib/python3.11/site-packages/torchvision/io/image.py:13: UserWarning: Failed to load image Python extension: '/public/duyinglong/miniconda3/envs/wavellm/lib/python3.11/site-packages/torchvision/image.so: undefined symbol: _ZN3c1017RegisterOperatorsD1Ev'If you don't plan on using image functionality from `torchvision.io`, you can ignore this warning. Otherwise, there might be something wrong with your environment. Did you have `libjpeg` or `libpng` installed before building `torchvision` from source?
  warn(
[ettm1] windows=300 feat_acc=0.143 llm_acc=0.637 rand_acc=0.217
[ettm2] windows=300 feat_acc=0.517 llm_acc=0.307 rand_acc=0.087
[etth1] windows=300 feat_acc=0.103 llm_acc=0.520 rand_acc=0.083
[etth2] windows=300 feat_acc=0.400 llm_acc=0.370 rand_acc=0.547
[electricity] windows=300 feat_acc=0.497 llm_acc=0.450 rand_acc=0.230
[weather] windows=300 feat_acc=0.323 llm_acc=0.430 rand_acc=0.107
[exchange_rate] windows=300 feat_acc=0.053 llm_acc=0.417 rand_acc=0.033
[traffic] windows=300 feat_acc=0.837 llm_acc=0.813 rand_acc=0.137
[illness] windows=211 feat_acc=0.171 llm_acc=0.483 rand_acc=0.374
[m4_daily] windows=300 feat_acc=0.417 llm_acc=0.263 rand_acc=0.443
[m4_hourly] windows=300 feat_acc=0.377 llm_acc=0.333 rand_acc=0.347
[m4_weekly] windows=300 feat_acc=0.553 llm_acc=0.123 rand_acc=0.553
[m4_monthly] windows=300 feat_acc=0.530 llm_acc=0.157 rand_acc=0.497
[m4_quarterly] windows=271 feat_acc=0.446 llm_acc=0.140 rand_acc=0.446
[m4_yearly] windows=120 feat_acc=0.483 llm_acc=0.125 rand_acc=0.483
saved=results/iclr/multi_dataset_router/qwen3_0.6b/summary.json
