/public/duyinglong/miniconda3/envs/wavellm/lib/python3.11/site-packages/torch/cuda/__init__.py:58: FutureWarning: The pynvml package is deprecated. Please install nvidia-ml-py instead. If you did not install pynvml directly, please report this to the maintainers of the package that installed pynvml for you.
  import pynvml  # type: ignore[import]
[probe] using cached hidden states for pretrained
[probe] using cached hidden states for random
/public/duyinglong/miniconda3/envs/wavellm/lib/python3.11/site-packages/torchvision/io/image.py:13: UserWarning: Failed to load image Python extension: '/public/duyinglong/miniconda3/envs/wavellm/lib/python3.11/site-packages/torchvision/image.so: undefined symbol: _ZN3c1017RegisterOperatorsD1Ev'If you don't plan on using image functionality from `torchvision.io`, you can ignore this warning. Otherwise, there might be something wrong with your environment. Did you have `libjpeg` or `libpng` installed before building `torchvision` from source?
  warn(
Loading checkpoint shards:   0%|          | 0/2 [00:00<?, ?it/s]Loading checkpoint shards:  50%|█████     | 1/2 [00:00<00:00,  1.11it/s]Loading checkpoint shards: 100%|██████████| 2/2 [00:01<00:00,  2.28it/s]Loading checkpoint shards: 100%|██████████| 2/2 [00:01<00:00,  1.97it/s]
The following generation flags are not valid and may be ignored: ['temperature', 'top_p', 'top_k']. Set `TRANSFORMERS_VERBOSITY=info` for more details.
The following generation flags are not valid and may be ignored: ['temperature', 'top_p', 'top_k']. Set `TRANSFORMERS_VERBOSITY=info` for more details.
The following generation flags are not valid and may be ignored: ['temperature', 'top_p', 'top_k']. Set `TRANSFORMERS_VERBOSITY=info` for more details.
The following generation flags are not valid and may be ignored: ['temperature', 'top_p', 'top_k']. Set `TRANSFORMERS_VERBOSITY=info` for more details.
The following generation flags are not valid and may be ignored: ['temperature', 'top_p', 'top_k']. Set `TRANSFORMERS_VERBOSITY=info` for more details.
{
  "kinds": [
    "trend",
    "periodic",
    "local",
    "mixture",
    "regime"
  ],
  "context_len": 64,
  "horizon": 16,
  "n_train_per_kind": 90,
  "n_test_per_kind": 60,
  "feature_floor": {
    "accuracy": 0.98
  },
  "probe": {
    "pretrained": {
      "accuracy": 0.9833333333333333,
      "per_kind": {
        "trend": 1.0,
        "periodic": 1.0,
        "local": 0.9333333333333333,
        "mixture": 0.9833333333333333,
        "regime": 1.0
      }
    },
    "random": {
      "accuracy": 0.8466666666666667,
      "per_kind": {
        "trend": 1.0,
        "periodic": 0.7833333333333333,
        "local": 0.55,
        "mixture": 0.9,
        "regime": 1.0
      }
    }
  },
  "paired_recognize_vs_generate": {
    "windows": 40,
    "recognize_accuracy": 1.0,
    "parse_rate": 0.625,
    "complete_windows": 25,
    "mse_on_complete": 2.796684795559875,
    "oracle_mse": 0.3356710778754314,
    "best_single_expert_mse": 0.7158153449490724,
    "best_single_expert": "trend"
  },
  "zero_shot_router": {
    "feature": {
      "routing_acc_vs_oracle": 0.125,
      "mse": 1.2125612978778633,
      "soft_routing_mse": 1.2529140057319106
    },
    "probe_pretrained": {
      "routing_acc_vs_oracle": 0.31666666666666665,
      "mse": 0.9300864755247455,
      "soft_routing_mse": 0.9346426129830672
    },
    "probe_random": {
      "routing_acc_vs_oracle": 0.21666666666666667,
      "mse": 1.3094362947622453,
      "soft_routing_mse": 1.2468996914134316
    },
    "oracle": {
      "mse": 0.4522955613099355
    },
    "best_single_expert": {
      "mse": 0.49197565942696486,
      "name": "trend"
    },
    "uniform_ensemble": {
      "mse": 1.3460761022131125
    }
  }
}
saved=results/iclr/probe/qwen3_1.7b/seed7/summary.json
