/public/duyinglong/miniconda3/envs/wavellm/lib/python3.11/site-packages/torch/cuda/__init__.py:58: FutureWarning: The pynvml package is deprecated. Please install nvidia-ml-py instead. If you did not install pynvml directly, please report this to the maintainers of the package that installed pynvml for you.
  import pynvml  # type: ignore[import]
/public/duyinglong/miniconda3/envs/wavellm/lib/python3.11/site-packages/torchvision/io/image.py:13: UserWarning: Failed to load image Python extension: '/public/duyinglong/miniconda3/envs/wavellm/lib/python3.11/site-packages/torchvision/image.so: undefined symbol: _ZN3c1017RegisterOperatorsD1Ev'If you don't plan on using image functionality from `torchvision.io`, you can ignore this warning. Otherwise, there might be something wrong with your environment. Did you have `libjpeg` or `libpng` installed before building `torchvision` from source?
  warn(
{
  "kinds": [
    "trend",
    "periodic",
    "local",
    "mixture",
    "regime"
  ],
  "context_len": 64,
  "horizon": 16,
  "n_train_per_kind": 90,
  "n_test_per_kind": 60,
  "feature_floor": {
    "accuracy": 0.9966666666666667
  },
  "probe": {
    "pretrained": {
      "accuracy": 0.98,
      "per_kind": {
        "trend": 1.0,
        "periodic": 0.9666666666666667,
        "local": 0.9666666666666667,
        "mixture": 0.9666666666666667,
        "regime": 1.0
      }
    },
    "random": {
      "accuracy": 0.76,
      "per_kind": {
        "trend": 1.0,
        "periodic": 0.43333333333333335,
        "local": 0.55,
        "mixture": 0.8333333333333334,
        "regime": 0.9833333333333333
      }
    }
  },
  "paired_recognize_vs_generate": {
    "windows": 40,
    "recognize_accuracy": 0.975,
    "parse_rate": 1.0,
    "complete_windows": 40,
    "mse_on_complete": 5.001212719941907,
    "oracle_mse": 0.32372672143055026,
    "best_single_expert_mse": 0.8677704271589253,
    "best_single_expert": "trend"
  },
  "zero_shot_router": {
    "feature": {
      "routing_acc_vs_oracle": 0.14166666666666666,
      "mse": 1.341695603363702,
      "soft_routing_mse": 1.2523032916427403
    },
    "probe_pretrained": {
      "routing_acc_vs_oracle": 0.15,
      "mse": 1.5641712623871902,
      "soft_routing_mse": 1.5169326946702009
    },
    "probe_random": {
      "routing_acc_vs_oracle": 0.14166666666666666,
      "mse": 1.3828781628225342,
      "soft_routing_mse": 1.301634713442347
    },
    "oracle": {
      "mse": 0.4438786563119342
    },
    "best_single_expert": {
      "mse": 0.5264440469578043,
      "name": "trend"
    },
    "uniform_ensemble": {
      "mse": 1.314310895376579
    }
  }
}
saved=results/iclr/probe/distilgpt2/seed17/summary.json
