/public/duyinglong/miniconda3/envs/wavellm/lib/python3.11/site-packages/torch/cuda/__init__.py:58: FutureWarning: The pynvml package is deprecated. Please install nvidia-ml-py instead. If you did not install pynvml directly, please report this to the maintainers of the package that installed pynvml for you.
  import pynvml  # type: ignore[import]
[ettm1] windows (300, 64)
[ettm2] windows (300, 64)
[etth1] windows (300, 64)
[etth2] windows (300, 64)
[electricity] windows (300, 64)
[weather] windows (300, 64)
[exchange_rate] windows (300, 64)
[traffic] windows (300, 64)
[illness] windows (211, 64)
[m4_daily] windows (300, 64)
[m4_hourly] windows (300, 64)
[m4_weekly] windows (300, 64)
[m4_monthly] windows (300, 64)
[m4_quarterly] windows (271, 64)
[m4_yearly] windows (120, 64)
/public/duyinglong/miniconda3/envs/wavellm/lib/python3.11/site-packages/torchvision/io/image.py:13: UserWarning: Failed to load image Python extension: '/public/duyinglong/miniconda3/envs/wavellm/lib/python3.11/site-packages/torchvision/image.so: undefined symbol: _ZN3c1017RegisterOperatorsD1Ev'If you don't plan on using image functionality from `torchvision.io`, you can ignore this warning. Otherwise, there might be something wrong with your environment. Did you have `libjpeg` or `libpng` installed before building `torchvision` from source?
  warn(
Loading checkpoint shards:   0%|          | 0/2 [00:00<?, ?it/s]Loading checkpoint shards:  50%|█████     | 1/2 [00:00<00:00,  1.06it/s]Loading checkpoint shards: 100%|██████████| 2/2 [00:01<00:00,  2.21it/s]Loading checkpoint shards: 100%|██████████| 2/2 [00:01<00:00,  1.90it/s]
[ettm1] extracted pretrained hidden
[ettm2] extracted pretrained hidden
[etth1] extracted pretrained hidden
[etth2] extracted pretrained hidden
[electricity] extracted pretrained hidden
[weather] extracted pretrained hidden
[exchange_rate] extracted pretrained hidden
[traffic] extracted pretrained hidden
[illness] extracted pretrained hidden
[m4_daily] extracted pretrained hidden
[m4_hourly] extracted pretrained hidden
[m4_weekly] extracted pretrained hidden
[m4_monthly] extracted pretrained hidden
[m4_quarterly] extracted pretrained hidden
[m4_yearly] extracted pretrained hidden
Loading checkpoint shards:   0%|          | 0/2 [00:00<?, ?it/s]Loading checkpoint shards:  50%|█████     | 1/2 [00:00<00:00,  1.51it/s]Loading checkpoint shards: 100%|██████████| 2/2 [00:00<00:00,  3.01it/s]Loading checkpoint shards: 100%|██████████| 2/2 [00:00<00:00,  2.62it/s]
[ettm1] extracted random hidden
[ettm2] extracted random hidden
[etth1] extracted random hidden
[etth2] extracted random hidden
[electricity] extracted random hidden
[weather] extracted random hidden
[exchange_rate] extracted random hidden
[traffic] extracted random hidden
[illness] extracted random hidden
[m4_daily] extracted random hidden
[m4_hourly] extracted random hidden
[m4_weekly] extracted random hidden
[m4_monthly] extracted random hidden
[m4_quarterly] extracted random hidden
[m4_yearly] extracted random hidden
[ettm1] windows=300 feat_acc=0.143 llm_acc=0.180 rand_acc=0.707
[ettm2] windows=300 feat_acc=0.517 llm_acc=0.243 rand_acc=0.747
[etth1] windows=300 feat_acc=0.103 llm_acc=0.207 rand_acc=0.550
[etth2] windows=300 feat_acc=0.400 llm_acc=0.337 rand_acc=0.547
[electricity] windows=300 feat_acc=0.497 llm_acc=0.390 rand_acc=0.440
[weather] windows=300 feat_acc=0.323 llm_acc=0.230 rand_acc=0.727
[exchange_rate] windows=300 feat_acc=0.053 llm_acc=0.527 rand_acc=0.540
[traffic] windows=300 feat_acc=0.837 llm_acc=0.807 rand_acc=0.840
[illness] windows=211 feat_acc=0.171 llm_acc=0.450 rand_acc=0.450
[m4_daily] windows=300 feat_acc=0.417 llm_acc=0.253 rand_acc=0.257
[m4_hourly] windows=300 feat_acc=0.377 llm_acc=0.277 rand_acc=0.327
[m4_weekly] windows=300 feat_acc=0.553 llm_acc=0.123 rand_acc=0.123
[m4_monthly] windows=300 feat_acc=0.530 llm_acc=0.163 rand_acc=0.160
[m4_quarterly] windows=271 feat_acc=0.446 llm_acc=0.148 rand_acc=0.148
[m4_yearly] windows=120 feat_acc=0.483 llm_acc=0.125 rand_acc=0.125
saved=results/iclr/multi_dataset_router/qwen3_1.7b/summary.json
