watchdog started
LAUNCH deepseek_llm_7b pretrained on cuda:0
LAUNCH gemma2_9b pretrained on cuda:1
LAUNCH gemma2_2b pretrained on cuda:2
DONE deepseek_llm_7b pretrained rc=1 cuda:0
LAUNCH deepseek_llm_7b random on cuda:0
LAUNCH mistral_7b_v03 pretrained on cuda:3
DONE gemma2_2b pretrained rc=0 cuda:2
LAUNCH olmo2_7b pretrained on cuda:2
DONE olmo2_7b pretrained rc=1 cuda:2
LAUNCH olmo2_7b random on cuda:2
DONE gemma2_9b pretrained rc=0 cuda:1
LAUNCH deepseek_v2_lite pretrained on cuda:1
DONE deepseek_v2_lite pretrained rc=1 cuda:1
LAUNCH deepseek_v2_lite random on cuda:1
DONE olmo2_7b random rc=1 cuda:2
LAUNCH olmo2_13b pretrained on cuda:2
DONE olmo2_13b pretrained rc=1 cuda:2
LAUNCH olmo2_13b random on cuda:2
DONE mistral_7b_v03 pretrained rc=0 cuda:3
LAUNCH mistral_7b_v03 random on cuda:3
DONE deepseek_llm_7b random rc=0 cuda:0
LAUNCH gemma2_9b random on cuda:0
DONE olmo2_13b random rc=1 cuda:2
LAUNCH gemma2_2b random on cuda:2
DONE gemma2_2b random rc=0 cuda:2
DONE mistral_7b_v03 random rc=0 cuda:3
DONE deepseek_v2_lite random rc=0 cuda:1
DONE gemma2_9b random rc=0 cuda:0
