16:30:59 gpu1 start llama32_3b random s27
16:30:59 gpu2 start gemma2_2b random s17
16:30:59 gpu3 start gemma2_2b pretrained s27
16:30:59 gpu4 start gemma2_2b random s27
16:30:59 gpu0 start llama32_3b pretrained s27
16:30:59 gpu5 start mistral_7b_v03 pretrained s17
16:32:05 gpu0 done llama32_3b pretrained s27
16:32:09 gpu0 start mistral_7b_v03 random s17
16:32:15 gpu3 done gemma2_2b pretrained s27
16:32:19 gpu3 start mistral_7b_v03 pretrained s27
16:33:11 gpu5 done mistral_7b_v03 pretrained s17
16:33:14 gpu5 start mistral_7b_v03 random s27
16:34:17 gpu2 done gemma2_2b random s17
16:34:18 gpu4 done gemma2_2b random s27
16:34:19 gpu1 done llama32_3b random s27
16:34:19 gpu2 start deepseek_llm_7b pretrained s7
16:34:19 gpu4 start deepseek_llm_7b pretrained s17
16:34:23 gpu3 done mistral_7b_v03 pretrained s27
16:34:24 gpu3 start deepseek_llm_7b pretrained s27
16:34:24 gpu1 start deepseek_llm_7b random s17
16:37:02 gpu4 done deepseek_llm_7b pretrained s17
16:37:02 gpu3 done deepseek_llm_7b pretrained s27
16:37:02 gpu2 done deepseek_llm_7b pretrained s7
16:37:05 gpu3 start olmo2_13b random s7
16:37:05 gpu4 start olmo2_13b pretrained s17
16:37:05 gpu2 start deepseek_llm_7b random s27
16:38:32 gpu0 done mistral_7b_v03 random s17
16:38:35 gpu0 start olmo2_13b random s17
16:39:38 gpu5 done mistral_7b_v03 random s27
16:39:40 gpu5 start olmo2_13b pretrained s27
16:40:40 gpu4 done olmo2_13b pretrained s17
16:40:40 gpu4 start olmo2_13b random s27
16:41:03 gpu1 done deepseek_llm_7b random s17
16:43:06 gpu5 done olmo2_13b pretrained s27
16:43:27 gpu2 done deepseek_llm_7b random s27
16:48:49 gpu3 done olmo2_13b random s7
16:50:16 gpu0 done olmo2_13b random s17
16:52:18 gpu4 done olmo2_13b random s27
FINAL_DRIVER_DONE
